Microchip MPLAB XC8 Compiler V1.45 ()

Linker command line:

-W-3 --edf=C:\Program Files (x86)\Microchip\xc8\v1.45\dat\en_msgs.txt -cs \
  -h+dist/default/production\LibCMT2300A_221128_TX.X.production.sym \
  --cmf=dist/default/production\LibCMT2300A_221128_TX.X.production.cmf -z \
  -Q18F25K20 -oC:\Users\11\AppData\Local\Temp\s5ig.2 \
  -Mdist/default/production/LibCMT2300A_221128_TX.X.production.map -E1 \
  -ver=XC8 -ASTACK=0ADh-05ffh -pstack=STACK -ACODE=00h-07FFFh \
  -ACONST=00h-07FFFh -ASMALLCONST=0600h-06FFhx122 \
  -AMEDIUMCONST=0600h-07FFFh -ACOMRAM=01h-05Fh -AABS1=00h-05FFh \
  -ABIGRAM=01h-05FFh -ARAM=060h-0FFh,0100h-01FFhx5 -ABANK0=060h-0FFh \
  -ABANK1=0100h-01FFh -ABANK2=0200h-02FFh -ABANK3=0300h-03FFh \
  -ABANK4=0400h-04FFh -ABANK5=0500h-05FFh -ASFR=0F60h-0FFFh \
  -preset_vec=00h,intcode=08h,intcodelo=018h,powerup,init -pramtop=0600h \
  -psmallconst=SMALLCONST -pmediumconst=MEDIUMCONST -pconst=CONST \
  -AFARRAM=00h-00h -ACONFIG=0300000h-030000Dh -pconfig=CONFIG \
  -AIDLOC=0200000h-0200007h -pidloc=IDLOC -AEEDATA=0F00000h-0F000FFh \
  -peeprom_data=EEDATA \
  -prdata=COMRAM,nvrram=COMRAM,nvbit=COMRAM,rbss=COMRAM,rbit=COMRAM \
  -pfarbss=FARRAM,fardata=FARRAM,nvFARRAM=FARRAM \
  -pintsave_regs=BIGRAM,bigbss=BIGRAM,bigdata=BIGRAM -pbss=RAM \
  -pidata=CODE,irdata=CODE,ibigdata=CODE,ifardata=CODE -prparam=COMRAM \
  C:\Users\11\AppData\Local\Temp\s5ig.obj \
  dist/default/production\LibCMT2300A_221128_TX.X.production.obj 

Object code version is 3.11

Machine type is 18F25K20

Call graph: (short form)




                Name                               Link     Load   Length Selector   Space Scale
C:\Users\11\AppData\Local\Temp\s5ig.obj
                init                                10A      10A        4        C       0
                reset_vec                             0        0        4        0       0
                idloc                            200000   200000        8   200000       0
                config                           300000   300000        E   300000       0
dist/default/production\LibCMT2300A_221128_TX.X.production.obj
                intcodelo                            18       18       F2        C       0
                intcode                               8        8        6        4       0
                temp                                 38       38        1        1       1
                smallconst                          600      600       62      300       0
                intcode_body                        7A0      7A0       94      331       0
                text19                              9DE      9DE       86      331       0
                text18                              CA6      CA6       10      331       0
                text17                              952      952       8C      331       0
                text16                              834      834       90      331       0
                text15                              CE0      CE0        E      331       0
                text14                              BC4      BC4       3C      331       0
                text13                              C56      C56       20      331       0
                text12                              B34      B34       54      331       0
                text11                              CD2      CD2        E      331       0
                text10                              8C4      8C4       8E      331       0
                text9                               CFA      CFA        C      331       0
                text8                               B88      B88       3C      331       0
                text7                               C76      C76       1E      331       0
                text6                               CEE      CEE        C      331       0
                text5                               C94      C94       12      331       0
                text4                               A64      A64       6C      331       0
                text3                               C00      C00       36      331       0
                text2                               CC4      CC4        E      331       0
                text1                               CB6      CB6        E      331       0
                text0                               662      662      13E      331       0
                cstackCOMRAM                          1        1       2B        1       1
                cstackBANK0                          A0       A0        D       60       1
                dataBANK0                            80       80       20       60       1
                bssBANK0                             60       60       20       60       1
                dataCOMRAM                           35       35        3        1       1
                bssCOMRAM                            2C       2C        9        1       1
                cinit                               AD0      AD0       64      331       0
                idataBANK0                          C36      C36       20      331       0
                idataCOMRAM                         D06      D06        3      331       0

TOTAL           Name                               Link     Load   Length     Space
        CLASS   STACK          

        CLASS   CODE           
                intcodelo                            18       18       F2         0
                intcode                               8        8        6         0
                init                                10A      10A        4         0
                reset_vec                             0        0        4         0
                intcode_body                        7A0      7A0       94         0
                text19                              9DE      9DE       86         0
                text18                              CA6      CA6       10         0
                text17                              952      952       8C         0
                text16                              834      834       90         0
                text15                              CE0      CE0        E         0
                text14                              BC4      BC4       3C         0
                text13                              C56      C56       20         0
                text12                              B34      B34       54         0
                text11                              CD2      CD2        E         0
                text10                              8C4      8C4       8E         0
                text9                               CFA      CFA        C         0
                text8                               B88      B88       3C         0
                text7                               C76      C76       1E         0
                text6                               CEE      CEE        C         0
                text5                               C94      C94       12         0
                text4                               A64      A64       6C         0
                text3                               C00      C00       36         0
                text2                               CC4      CC4        E         0
                text1                               CB6      CB6        E         0
                text0                               662      662      13E         0
                cinit                               AD0      AD0       64         0
                idataBANK0                          C36      C36       20         0
                idataCOMRAM                         D06      D06        3         0

        CLASS   CONST          

        CLASS   SMALLCONST     
                smallconst                          600      600       62         0

        CLASS   MEDIUMCONST    

        CLASS   COMRAM         
                temp                                 38       38        1         1
                cstackCOMRAM                          1        1       2B         1
                dataCOMRAM                           35       35        3         1
                bssCOMRAM                            2C       2C        9         1

        CLASS   ABS1           

        CLASS   BIGRAM         

        CLASS   RAM            

        CLASS   BANK0          
                cstackBANK0                          A0       A0        D         1
                dataBANK0                            80       80       20         1
                bssBANK0                             60       60       20         1

        CLASS   BANK1          

        CLASS   BANK2          

        CLASS   BANK3          

        CLASS   BANK4          

        CLASS   BANK5          

        CLASS   SFR            

        CLASS   FARRAM         

        CLASS   CONFIG         
                config                           300000   300000        E         0

        CLASS   IDLOC          
                idloc                            200000   200000        8         0

        CLASS   EEDATA         



SEGMENTS        Name                           Load    Length   Top    Selector   Space  Class

                reset_vec                      000000  000004  000004         0       0  CODE    
                cstackCOMRAM                   000001  000038  000039         1       1  COMRAM  
                intcode                        000008  000006  00000E         4       0  CODE    
                intcodelo                      000018  0000F6  00010E         C       0  CODE    
                bssBANK0                       000060  00004D  0000AD        60       1  BANK0   
                smallconst                     000600  000062  000662       300       0  SMALLCON
                text0                          000662  0006A7  000D09       331       0  CODE    
                idloc                          200000  000008  200008    200000       0  IDLOC   
                config                         300000  00000E  30000E    300000       0  CONFIG  


UNUSED ADDRESS RANGES

        Name                Unused          Largest block    Delta
        BANK0            0000AD-0000FF               53
        BANK1            000100-0001FF              100
        BANK2            000200-0002FF              100
        BANK3            000300-0003FF              100
        BANK4            000400-0004FF              100
        BANK5            000500-0005FF              100
        BIGRAM           000039-00005F               27
                         0000AD-0005FF              553
        CODE             000004-000007                4
                         00000E-000017                A
                         00010E-0005FF              4F2
                         000D09-007FFF             72F7
        COMRAM           000039-00005F               27
        CONST            000004-000007                4
                         00000E-000017                A
                         00010E-0005FF              4F2
                         000D09-007FFF             72F7
        EEDATA           F00000-F000FF              100
        MEDIUMCONST      000D09-007FFF             72F7
        RAM              0000AD-0005FF              100
        SFR              000F60-000FFF               A0
        SMALLCONST       000D09-007FFF              100
        STACK            0000AD-0005FF              553

                                  Symbol Table

CheckModeCmt2300@temp            cstackBANK0  0000A0
CrcControlCmt2300@control_reg    cstackCOMRAM 00002B
GotoNewModeCmt2300@mode          cstackBANK0  0000A6
GotoNewModeCmt2300@temp          cstackBANK0  0000A7
InitCmtBanks@addr                cstackBANK0  0000A9
InitCmtBanks@count               cstackBANK0  0000A6
InitCmtBanks@i                   cstackBANK0  0000AB
InitCmtBanks@startAddr           cstackBANK0  0000AA
InitCmtBanks@value               cstackBANK0  0000A7
InitInterruptCmt2300@temp        cstackBANK0  0000A6
NodeIdControlCmt2300@control_reg cstackCOMRAM 00002B
ReadRegistrCmt2300@addr          cstackCOMRAM 000028
ReadRegistrCmt2300@data          cstackCOMRAM 000029
ReadRegistrCmt2300@i             cstackCOMRAM 00002A
ReadRegistrCmt2300@mask          cstackCOMRAM 00002B
WriteByteFifoCmt2300@data        cstackBANK0  0000A0
WriteByteFifoCmt2300@i           cstackBANK0  0000A5
WriteByteFifoCmt2300@mask        cstackBANK0  0000A3
WriteByteFifoCmt2300@temp        cstackBANK0  0000A1
WriteFifoCmt2300@counter         cstackBANK0  0000A8
WriteFifoCmt2300@data            cstackBANK0  0000A6
WriteFifoCmt2300@i               cstackCOMRAM 00002A
WriteNodeId@room                 cstackCOMRAM 00002B
WritePktLength@length            cstackCOMRAM 00002B
WriteRegistrCmt2300@addr         cstackBANK0  0000A0
WriteRegistrCmt2300@data         cstackCOMRAM 000028
WriteRegistrCmt2300@i            cstackBANK0  0000A1
WriteRegistrCmt2300@mask         cstackBANK0  0000A2
WriteRegistrCmt2300@temp         cstackBANK0  0000A4
_ANSEL                           (abs)        000F7E
_ANSELH                          (abs)        000F7F
_CheckModeCmt2300                text18       000CA6
_Counter100ms                    dataCOMRAM   000035
_Counter10ms                     dataCOMRAM   000036
_Counter1ms                      dataCOMRAM   000037
_CounterMs                       bssCOMRAM    00002C
_CrcControlCmt2300               text15       000CE0
_GotoNewModeCmt2300              text16       000834
_INTCONbits                      (abs)        000FF2
_IPR1bits                        (abs)        000F9F
_InitCmt2300                     text10       0008C4
_InitCmtBanks                    text14       000BC4
_InitGpioCmt2300                 text13       000C56
_InitInterrupt                   text9        000CFA
_InitInterruptCmt2300            text12       000B34
_InitPinsCMT2300                 text8        000B88
_InitTmr2                        text7        000C76
_Interval                        bssCOMRAM    000034
_LATAbits                        (abs)        000F89
_LATBbits                        (abs)        000F8A
_LATCbits                        (abs)        000F8B
_ModeCmt2300                     bssCOMRAM    000033
_NodeIdControlCmt2300            text11       000CD2
_OpenTmr2                        text6        000CEE
_PIE1bits                        (abs)        000F9D
_PIR1bits                        (abs)        000F9E
_PORTCbits                       (abs)        000F82
_PR2                             (abs)        000FCB
_ProcessorInit                   text5        000C94
_RCONbits                        (abs)        000FD0
_ReadRegistrCmt2300              text19       0009DE
_RxFifoCmt2300                   bssBANK0     000060
_T2CONbits                       (abs)        000FCA
_TMR2                            (abs)        000FCC
_TMR2IE                          (abs)        007CE9
_TMR2IF                          (abs)        007CF1
_TMR2ON                          (abs)        007E52
_TRISAbits                       (abs)        000F92
_TRISBbits                       (abs)        000F93
_TRISCbits                       (abs)        000F94
_TempAddr                        bssCOMRAM    00002E
_TempData                        bssCOMRAM    00002D
_TxFifoCmt2300                   dataBANK0    000080
_ValueBasebandBank               smallconst   000601
_ValueCMTBank                    smallconst   000642
_ValueCusInt1Ctl                 bssCOMRAM    000030
_ValueCusInt2Ctl                 bssCOMRAM    00002F
_ValueCusIntEn                   bssCOMRAM    000031
_ValueCusIoSel                   bssCOMRAM    000032
_ValueDataRateBank               smallconst   00061E
_ValueFrequencyBank              smallconst   000659
_ValueSistemBank                 smallconst   000636
_ValueTXBank                     smallconst   00064E
_WriteByteFifoCmt2300            text4        000A64
_WriteFifoCmt2300                text3        000C00
_WriteNodeId                     text2        000CC4
_WritePktLength                  text1        000CB6
_WriteRegistrCmt2300             text17       000952
__CFG_BOREN$OFF                  (abs)        000000
__CFG_BORV$22                    (abs)        000000
__CFG_CCP2MX$PORTC               (abs)        000000
__CFG_CP0$OFF                    (abs)        000000
__CFG_CP1$OFF                    (abs)        000000
__CFG_CP2$OFF                    (abs)        000000
__CFG_CP3$OFF                    (abs)        000000
__CFG_CPB$OFF                    (abs)        000000
__CFG_CPD$OFF                    (abs)        000000
__CFG_DEBUG$ON                   (abs)        000000
__CFG_EBTR0$OFF                  (abs)        000000
__CFG_EBTR1$OFF                  (abs)        000000
__CFG_EBTR2$OFF                  (abs)        000000
__CFG_EBTR3$OFF                  (abs)        000000
__CFG_EBTRB$OFF                  (abs)        000000
__CFG_FCMEN$OFF                  (abs)        000000
__CFG_FOSC$HSPLL                 (abs)        000000
__CFG_HFOFST$OFF                 (abs)        000000
__CFG_IESO$ON                    (abs)        000000
__CFG_LPT1OSC$OFF                (abs)        000000
__CFG_LVP$OFF                    (abs)        000000
__CFG_MCLRE$ON                   (abs)        000000
__CFG_PBADEN$OFF                 (abs)        000000
__CFG_PWRT$OFF                   (abs)        000000
__CFG_STVREN$OFF                 (abs)        000000
__CFG_WDTEN$OFF                  (abs)        000000
__CFG_WDTPS$1024                 (abs)        000000
__CFG_WRT0$OFF                   (abs)        000000
__CFG_WRT1$OFF                   (abs)        000000
__CFG_WRT2$OFF                   (abs)        000000
__CFG_WRT3$OFF                   (abs)        000000
__CFG_WRTB$OFF                   (abs)        000000
__CFG_WRTC$OFF                   (abs)        000000
__CFG_WRTD$OFF                   (abs)        000000
__CFG_XINST$OFF                  (abs)        000000
__HRAM                           (abs)        000000
__Habs1                          abs1         000000
__Hbank0                         bank0        000000
__Hbank1                         bank1        000000
__Hbank2                         bank2        000000
__Hbank3                         bank3        000000
__Hbank4                         bank4        000000
__Hbank5                         bank5        000000
__Hbigbss                        bigbss       000000
__Hbigdata                       bigdata      000000
__Hbigram                        bigram       000000
__Hbss                           bss          000000
__HbssBANK0                      bssBANK0     000000
__HbssCOMRAM                     bssCOMRAM    000000
__Hcinit                         cinit        000000
__Hclrtext                       clrtext      000000
__Hcomram                        comram       000000
__Hconfig                        config       30000E
__Hconst                         const        000000
__HcstackBANK0                   cstackBANK0  000000
__HcstackCOMRAM                  cstackCOMRAM 000000
__Hdata                          data         000000
__HdataBANK0                     dataBANK0    000000
__HdataCOMRAM                    dataCOMRAM   000000
__Heeprom_data                   eeprom_data  000000
__Hfarbss                        farbss       000000
__Hfardata                       fardata      000000
__Hibigdata                      ibigdata     000000
__Hidata                         idata        000000
__HidataBANK0                    idataBANK0   000000
__HidataCOMRAM                   idataCOMRAM  000000
__Hidloc                         idloc        200008
__Hifardata                      ifardata     000000
__Hinit                          init         00010E
__Hintcode                       intcode      00000E
__Hintcode_body                  intcode_body 000000
__Hintcodelo                     intcodelo    00010A
__Hintentry                      intentry     000000
__Hintret                        intret       000000
__Hintsave_regs                  intsave_regs 000000
__Hirdata                        irdata       000000
__Hmediumconst                   mediumconst  000000
__HnvFARRAM                      nvFARRAM     000000
__Hnvbit                         nvbit        000000
__Hnvrram                        nvrram       000000
__Hparam                         rparam       000000
__Hpowerup                       powerup      00010A
__Hram                           ram          000000
__Hramtop                        ramtop       000600
__Hrbit                          rbit         000000
__Hrbss                          rbss         000000
__Hrdata                         rdata        000000
__Hreset_vec                     reset_vec    000004
__Hrparam                        rparam       000000
__Hsfr                           sfr          000000
__Hsmallconst                    smallconst   000662
__Hspace_0                       (abs)        30000E
__Hspace_1                       (abs)        0000AD
__Hspace_2                       (abs)        000000
__Hstack                         stack        000000
__Hstruct                        struct       000000
__Htemp                          temp         000039
__Htext                          text         000000
__Htext0                         text0        000000
__Htext1                         text1        000000
__Htext10                        text10       000000
__Htext11                        text11       000000
__Htext12                        text12       000000
__Htext13                        text13       000000
__Htext14                        text14       000000
__Htext15                        text15       000000
__Htext16                        text16       000000
__Htext17                        text17       000000
__Htext18                        text18       000000
__Htext19                        text19       000000
__Htext2                         text2        000000
__Htext3                         text3        000000
__Htext4                         text4        000000
__Htext5                         text5        000000
__Htext6                         text6        000000
__Htext7                         text7        000000
__Htext8                         text8        000000
__Htext9                         text9        000000
__LRAM                           (abs)        000001
__Labs1                          abs1         000000
__Lbank0                         bank0        000000
__Lbank1                         bank1        000000
__Lbank2                         bank2        000000
__Lbank3                         bank3        000000
__Lbank4                         bank4        000000
__Lbank5                         bank5        000000
__Lbigbss                        bigbss       000000
__Lbigdata                       bigdata      000000
__Lbigram                        bigram       000000
__Lbss                           bss          000000
__LbssBANK0                      bssBANK0     000000
__LbssCOMRAM                     bssCOMRAM    000000
__Lcinit                         cinit        000000
__Lclrtext                       clrtext      000000
__Lcomram                        comram       000000
__Lconfig                        config       300000
__Lconst                         const        000000
__LcstackBANK0                   cstackBANK0  000000
__LcstackCOMRAM                  cstackCOMRAM 000000
__Ldata                          data         000000
__LdataBANK0                     dataBANK0    000000
__LdataCOMRAM                    dataCOMRAM   000000
__Leeprom_data                   eeprom_data  000000
__Lfarbss                        farbss       000000
__Lfardata                       fardata      000000
__Libigdata                      ibigdata     000000
__Lidata                         idata        000000
__LidataBANK0                    idataBANK0   000000
__LidataCOMRAM                   idataCOMRAM  000000
__Lidloc                         idloc        200000
__Lifardata                      ifardata     000000
__Linit                          init         00010A
__Lintcode                       intcode      000008
__Lintcode_body                  intcode_body 000000
__Lintcodelo                     intcodelo    000018
__Lintentry                      intentry     000000
__Lintret                        intret       000000
__Lintsave_regs                  intsave_regs 000000
__Lirdata                        irdata       000000
__Lmediumconst                   mediumconst  000000
__LnvFARRAM                      nvFARRAM     000000
__Lnvbit                         nvbit        000000
__Lnvrram                        nvrram       000000
__Lparam                         rparam       000000
__Lpowerup                       powerup      00010A
__Lram                           ram          000000
__Lramtop                        ramtop       000600
__Lrbit                          rbit         000000
__Lrbss                          rbss         000000
__Lrdata                         rdata        000000
__Lreset_vec                     reset_vec    000000
__Lrparam                        rparam       000000
__Lsfr                           sfr          000000
__Lsmallconst                    smallconst   000600
__Lspace_0                       (abs)        000000
__Lspace_1                       (abs)        000000
__Lspace_2                       (abs)        000000
__Lstack                         stack        000000
__Lstruct                        struct       000000
__Ltemp                          temp         000038
__Ltext                          text         000000
__Ltext0                         text0        000000
__Ltext1                         text1        000000
__Ltext10                        text10       000000
__Ltext11                        text11       000000
__Ltext12                        text12       000000
__Ltext13                        text13       000000
__Ltext14                        text14       000000
__Ltext15                        text15       000000
__Ltext16                        text16       000000
__Ltext17                        text17       000000
__Ltext18                        text18       000000
__Ltext19                        text19       000000
__Ltext2                         text2        000000
__Ltext3                         text3        000000
__Ltext4                         text4        000000
__Ltext5                         text5        000000
__Ltext6                         text6        000000
__Ltext7                         text7        000000
__Ltext8                         text8        000000
__Ltext9                         text9        000000
__S0                             (abs)        30000E
__S1                             (abs)        0000AD
__S2                             (abs)        000000
___inthi_sp                      stack        000000
___intlo_sp                      stack        000000
___param_bank                    (abs)        000000
___rparam_used                   (abs)        000001
___sp                            stack        000000
__accesstop                      (abs)        000060
__activetblptr                   (abs)        000002
__end_of_CheckModeCmt2300        text18       000CB6
__end_of_CrcControlCmt2300       text15       000CEE
__end_of_GotoNewModeCmt2300      text16       0008C4
__end_of_InitCmt2300             text10       000952
__end_of_InitCmtBanks            text14       000C00
__end_of_InitGpioCmt2300         text13       000C76
__end_of_InitInterrupt           text9        000D06
__end_of_InitInterruptCmt2300    text12       000B88
__end_of_InitPinsCMT2300         text8        000BC4
__end_of_InitTmr2                text7        000C94
__end_of_NodeIdControlCmt2300    text11       000CE0
__end_of_OpenTmr2                text6        000CFA
__end_of_ProcessorInit           text5        000CA6
__end_of_ReadRegistrCmt2300      text19       000A64
__end_of_ValueBasebandBank       smallconst   00061E
__end_of_ValueCMTBank            smallconst   00064E
__end_of_ValueDataRateBank       smallconst   000636
__end_of_ValueFrequencyBank      smallconst   000661
__end_of_ValueSistemBank         smallconst   000642
__end_of_ValueTXBank             smallconst   000659
__end_of_WriteByteFifoCmt2300    text4        000AD0
__end_of_WriteFifoCmt2300        text3        000C36
__end_of_WriteNodeId             text2        000CD2
__end_of_WritePktLength          text1        000CC4
__end_of_WriteRegistrCmt2300     text17       0009DE
__end_of__initialization         cinit        000B26
__end_of_main                    text0        0007A0
__end_of_myHiIsr                 intcode_body 000834
__end_of_myLoIsr                 intcodelo    00010A
__initialization                 cinit        000AD0
__mediumconst                    mediumconst  000000
__pbssBANK0                      bssBANK0     000060
__pbssCOMRAM                     bssCOMRAM    00002C
__pcinit                         cinit        000AD0
__pcstackBANK0                   cstackBANK0  0000A0
__pcstackCOMRAM                  cstackCOMRAM 000001
__pdataBANK0                     dataBANK0    000080
__pdataCOMRAM                    dataCOMRAM   000035
__pidataBANK0                    idataBANK0   000C36
__pidataCOMRAM                   idataCOMRAM  000D06
__pintcode                       intcode      000008
__pintcode_body                  intcode_body 0007A0
__pintcodelo                     intcodelo    000018
__psmallconst                    smallconst   000600
__ptext0                         text0        000662
__ptext1                         text1        000CB6
__ptext10                        text10       0008C4
__ptext11                        text11       000CD2
__ptext12                        text12       000B34
__ptext13                        text13       000C56
__ptext14                        text14       000BC4
__ptext15                        text15       000CE0
__ptext16                        text16       000834
__ptext17                        text17       000952
__ptext18                        text18       000CA6
__ptext19                        text19       0009DE
__ptext2                         text2        000CC4
__ptext3                         text3        000C00
__ptext4                         text4        000A64
__ptext5                         text5        000C94
__ptext6                         text6        000CEE
__ptext7                         text7        000C76
__ptext8                         text8        000B88
__ptext9                         text9        000CFA
__ramtop                         ramtop       000600
__size_of_CheckModeCmt2300       (abs)        000000
__size_of_CrcControlCmt2300      (abs)        000000
__size_of_GotoNewModeCmt2300     (abs)        000000
__size_of_InitCmt2300            (abs)        000000
__size_of_InitCmtBanks           (abs)        000000
__size_of_InitGpioCmt2300        (abs)        000000
__size_of_InitInterrupt          (abs)        000000
__size_of_InitInterruptCmt2300   (abs)        000000
__size_of_InitPinsCMT2300        (abs)        000000
__size_of_InitTmr2               (abs)        000000
__size_of_NodeIdControlCmt2300   (abs)        000000
__size_of_OpenTmr2               (abs)        000000
__size_of_ProcessorInit          (abs)        000000
__size_of_ReadRegistrCmt2300     (abs)        000000
__size_of_WriteByteFifoCmt2300   (abs)        000000
__size_of_WriteFifoCmt2300       (abs)        000000
__size_of_WriteNodeId            (abs)        000000
__size_of_WritePktLength         (abs)        000000
__size_of_WriteRegistrCmt2300    (abs)        000000
__size_of_main                   (abs)        000000
__size_of_myHiIsr                (abs)        000000
__size_of_myLoIsr                (abs)        000000
__smallconst                     smallconst   000600
_main                            text0        000662
_myHiIsr                         intcode      000008
_myLoIsr                         intcodelo    000018
btemp                            temp         000038
end_of_initialization            cinit        000B26
int$flags                        temp         000038
int_func                         intcode_body 0007A0
intlevel0                        text         000000
intlevel1                        text         000000
intlevel2                        text         000000
intlevel3                        text         000000
stackhi                          (abs)        0005FF
stacklo                          (abs)        0000AD
start                            init         00010A
start_initialization             cinit        000AD0
wtemp6                           temp         000039


FUNCTION INFORMATION:

 *************** function _main *****************
 Defined at:
		line 25 in file "mainLibCmt2300A_TX.c"
 Parameters:    Size  Location     Type
		None
 Auto vars:     Size  Location     Type
		None
 Return value:  Size  Location     Type
                  1    wreg      void 
 Registers used:
		wreg, fsr2l, fsr2h, status,2, status,0, tblptrl, tblptrh, tblptru, cstack
 Tracked objects:
		On entry : 
		On exit  : 
		Unchanged: 
 Data sizes:     COMRAM   BANK0   BANK1   BANK2   BANK3   BANK4   BANK5
      Params:         0       0       0       0       0       0       0
      Locals:         0       0       0       0       0       0       0
      Temps:          0       1       0       0       0       0       0
      Totals:         0       1       0       0       0       0       0
Total ram usage:        1 bytes
 Hardware stack levels required when called:    6
 This function calls:
		_CheckModeCmt2300
		_GotoNewModeCmt2300
		_InitCmt2300
		_ProcessorInit
		_ReadRegistrCmt2300
		_WriteFifoCmt2300
		_WriteNodeId
		_WritePktLength
		_WriteRegistrCmt2300
 This function is called by:
		Startup code after reset
 This function uses a non-reentrant model


 *************** function _WritePktLength *****************
 Defined at:
		line 271 in file "LibCmt2300_TX.c"
 Parameters:    Size  Location     Type
  length          1    wreg     unsigned char 
 Auto vars:     Size  Location     Type
  length          1   42[COMRAM] unsigned char 
 Return value:  Size  Location     Type
                  1    wreg      void 
 Registers used:
		wreg, status,2, status,0, cstack
 Tracked objects:
		On entry : 
		On exit  : 
		Unchanged: 
 Data sizes:     COMRAM   BANK0   BANK1   BANK2   BANK3   BANK4   BANK5
      Params:         0       0       0       0       0       0       0
      Locals:         1       0       0       0       0       0       0
      Temps:          0       0       0       0       0       0       0
      Totals:         1       0       0       0       0       0       0
Total ram usage:        1 bytes
 Hardware stack levels used:    1
 Hardware stack levels required when called:    3
 This function calls:
		_WriteRegistrCmt2300
 This function is called by:
		_main
 This function uses a non-reentrant model


 *************** function _WriteNodeId *****************
 Defined at:
		line 274 in file "LibCmt2300_TX.c"
 Parameters:    Size  Location     Type
  room            1    wreg     unsigned char 
 Auto vars:     Size  Location     Type
  room            1   42[COMRAM] unsigned char 
 Return value:  Size  Location     Type
                  1    wreg      void 
 Registers used:
		wreg, status,2, status,0, cstack
 Tracked objects:
		On entry : 
		On exit  : 
		Unchanged: 
 Data sizes:     COMRAM   BANK0   BANK1   BANK2   BANK3   BANK4   BANK5
      Params:         0       0       0       0       0       0       0
      Locals:         1       0       0       0       0       0       0
      Temps:          0       0       0       0       0       0       0
      Totals:         1       0       0       0       0       0       0
Total ram usage:        1 bytes
 Hardware stack levels used:    1
 Hardware stack levels required when called:    3
 This function calls:
		_WriteRegistrCmt2300
 This function is called by:
		_main
 This function uses a non-reentrant model


 *************** function _WriteFifoCmt2300 *****************
 Defined at:
		line 261 in file "LibCmt2300_TX.c"
 Parameters:    Size  Location     Type
  data            2    6[BANK0 ] PTR unsigned char 
		 -> TxFifoCmt2300(32), 
  counter         1    8[BANK0 ] unsigned char 
 Auto vars:     Size  Location     Type
  i               1   41[COMRAM] unsigned char 
 Return value:  Size  Location     Type
                  1    wreg      void 
 Registers used:
		wreg, fsr2l, fsr2h, status,2, status,0, cstack
 Tracked objects:
		On entry : 
		On exit  : 
		Unchanged: 
 Data sizes:     COMRAM   BANK0   BANK1   BANK2   BANK3   BANK4   BANK5
      Params:         0       3       0       0       0       0       0
      Locals:         1       0       0       0       0       0       0
      Temps:          0       0       0       0       0       0       0
      Totals:         1       3       0       0       0       0       0
Total ram usage:        4 bytes
 Hardware stack levels used:    1
 Hardware stack levels required when called:    3
 This function calls:
		_WriteByteFifoCmt2300
 This function is called by:
		_main
 This function uses a non-reentrant model


 *************** function _WriteByteFifoCmt2300 *****************
 Defined at:
		line 240 in file "LibCmt2300_TX.c"
 Parameters:    Size  Location     Type
  data            1    wreg     unsigned char 
 Auto vars:     Size  Location     Type
  data            1    0[BANK0 ] unsigned char 
  mask            2    3[BANK0 ] unsigned int 
  temp            2    1[BANK0 ] unsigned int 
  i               1    5[BANK0 ] unsigned char 
 Return value:  Size  Location     Type
                  1    wreg      void 
 Registers used:
		wreg, status,2, status,0
 Tracked objects:
		On entry : 
		On exit  : 
		Unchanged: 
 Data sizes:     COMRAM   BANK0   BANK1   BANK2   BANK3   BANK4   BANK5
      Params:         0       0       0       0       0       0       0
      Locals:         0       6       0       0       0       0       0
      Temps:          2       0       0       0       0       0       0
      Totals:         2       6       0       0       0       0       0
Total ram usage:        8 bytes
 Hardware stack levels used:    1
 Hardware stack levels required when called:    2
 This function calls:
		Nothing
 This function is called by:
		_WriteFifoCmt2300
 This function uses a non-reentrant model


 *************** function _ProcessorInit *****************
 Defined at:
		line 129 in file "InitProcessor.c"
 Parameters:    Size  Location     Type
		None
 Auto vars:     Size  Location     Type
		None
 Return value:  Size  Location     Type
                  1    wreg      void 
 Registers used:
		wreg, status,2, cstack
 Tracked objects:
		On entry : 
		On exit  : 
		Unchanged: 
 Data sizes:     COMRAM   BANK0   BANK1   BANK2   BANK3   BANK4   BANK5
      Params:         0       0       0       0       0       0       0
      Locals:         0       0       0       0       0       0       0
      Temps:          0       0       0       0       0       0       0
      Totals:         0       0       0       0       0       0       0
Total ram usage:        0 bytes
 Hardware stack levels used:    1
 Hardware stack levels required when called:    3
 This function calls:
		_InitInterrupt
		_InitPinsCMT2300
		_InitTmr2
		_OpenTmr2
 This function is called by:
		_main
 This function uses a non-reentrant model


 *************** function _OpenTmr2 *****************
 Defined at:
		line 105 in file "InitProcessor.c"
 Parameters:    Size  Location     Type
		None
 Auto vars:     Size  Location     Type
		None
 Return value:  Size  Location     Type
                  1    wreg      void 
 Registers used:
		wreg, status,2
 Tracked objects:
		On entry : 
		On exit  : 
		Unchanged: 
 Data sizes:     COMRAM   BANK0   BANK1   BANK2   BANK3   BANK4   BANK5
      Params:         0       0       0       0       0       0       0
      Locals:         0       0       0       0       0       0       0
      Temps:          0       0       0       0       0       0       0
      Totals:         0       0       0       0       0       0       0
Total ram usage:        0 bytes
 Hardware stack levels used:    1
 Hardware stack levels required when called:    2
 This function calls:
		Nothing
 This function is called by:
		_ProcessorInit
 This function uses a non-reentrant model


 *************** function _InitTmr2 *****************
 Defined at:
		line 42 in file "InitProcessor.c"
 Parameters:    Size  Location     Type
		None
 Auto vars:     Size  Location     Type
		None
 Return value:  Size  Location     Type
                  1    wreg      void 
 Registers used:
		wreg, status,2
 Tracked objects:
		On entry : 
		On exit  : 
		Unchanged: 
 Data sizes:     COMRAM   BANK0   BANK1   BANK2   BANK3   BANK4   BANK5
      Params:         0       0       0       0       0       0       0
      Locals:         0       0       0       0       0       0       0
      Temps:          0       0       0       0       0       0       0
      Totals:         0       0       0       0       0       0       0
Total ram usage:        0 bytes
 Hardware stack levels used:    1
 Hardware stack levels required when called:    2
 This function calls:
		Nothing
 This function is called by:
		_ProcessorInit
 This function uses a non-reentrant model


 *************** function _InitPinsCMT2300 *****************
 Defined at:
		line 5 in file "ConfigPinsLibCmt2300A.c"
 Parameters:    Size  Location     Type
		None
 Auto vars:     Size  Location     Type
		None
 Return value:  Size  Location     Type
                  1    wreg      void 
 Registers used:
		wreg, status,2
 Tracked objects:
		On entry : 
		On exit  : 
		Unchanged: 
 Data sizes:     COMRAM   BANK0   BANK1   BANK2   BANK3   BANK4   BANK5
      Params:         0       0       0       0       0       0       0
      Locals:         0       0       0       0       0       0       0
      Temps:          0       0       0       0       0       0       0
      Totals:         0       0       0       0       0       0       0
Total ram usage:        0 bytes
 Hardware stack levels used:    1
 Hardware stack levels required when called:    2
 This function calls:
		Nothing
 This function is called by:
		_ProcessorInit
 This function uses a non-reentrant model


 *************** function _InitInterrupt *****************
 Defined at:
		line 122 in file "InitProcessor.c"
 Parameters:    Size  Location     Type
		None
 Auto vars:     Size  Location     Type
		None
 Return value:  Size  Location     Type
                  1    wreg      void 
 Registers used:
		None
 Tracked objects:
		On entry : 
		On exit  : 
		Unchanged: 
 Data sizes:     COMRAM   BANK0   BANK1   BANK2   BANK3   BANK4   BANK5
      Params:         0       0       0       0       0       0       0
      Locals:         0       0       0       0       0       0       0
      Temps:          0       0       0       0       0       0       0
      Totals:         0       0       0       0       0       0       0
Total ram usage:        0 bytes
 Hardware stack levels used:    1
 Hardware stack levels required when called:    2
 This function calls:
		Nothing
 This function is called by:
		_ProcessorInit
 This function uses a non-reentrant model


 *************** function _InitCmt2300 *****************
 Defined at:
		line 193 in file "LibCmt2300_TX.c"
 Parameters:    Size  Location     Type
		None
 Auto vars:     Size  Location     Type
  temp            1    0        unsigned char 
 Return value:  Size  Location     Type
                  1    wreg      void 
 Registers used:
		wreg, status,2, status,0, tblptrl, tblptrh, tblptru, cstack
 Tracked objects:
		On entry : 
		On exit  : 
		Unchanged: 
 Data sizes:     COMRAM   BANK0   BANK1   BANK2   BANK3   BANK4   BANK5
      Params:         0       0       0       0       0       0       0
      Locals:         0       0       0       0       0       0       0
      Temps:          0       0       0       0       0       0       0
      Totals:         0       0       0       0       0       0       0
Total ram usage:        0 bytes
 Hardware stack levels used:    1
 Hardware stack levels required when called:    5
 This function calls:
		_CrcControlCmt2300
		_InitCmtBanks
		_InitInterruptCmt2300
		_NodeIdControlCmt2300
 This function is called by:
		_main
 This function uses a non-reentrant model


 *************** function _NodeIdControlCmt2300 *****************
 Defined at:
		line 190 in file "LibCmt2300_TX.c"
 Parameters:    Size  Location     Type
  control_reg     1    wreg     unsigned char 
 Auto vars:     Size  Location     Type
  control_reg     1   42[COMRAM] unsigned char 
 Return value:  Size  Location     Type
                  1    wreg      void 
 Registers used:
		wreg, status,2, status,0, cstack
 Tracked objects:
		On entry : 
		On exit  : 
		Unchanged: 
 Data sizes:     COMRAM   BANK0   BANK1   BANK2   BANK3   BANK4   BANK5
      Params:         0       0       0       0       0       0       0
      Locals:         1       0       0       0       0       0       0
      Temps:          0       0       0       0       0       0       0
      Totals:         1       0       0       0       0       0       0
Total ram usage:        1 bytes
 Hardware stack levels used:    1
 Hardware stack levels required when called:    3
 This function calls:
		_WriteRegistrCmt2300
 This function is called by:
		_InitCmt2300
 This function uses a non-reentrant model


 *************** function _InitInterruptCmt2300 *****************
 Defined at:
		line 164 in file "LibCmt2300_TX.c"
 Parameters:    Size  Location     Type
		None
 Auto vars:     Size  Location     Type
  temp            1    6[BANK0 ] unsigned char 
 Return value:  Size  Location     Type
                  1    wreg      void 
 Registers used:
		wreg, status,2, status,0, cstack
 Tracked objects:
		On entry : 
		On exit  : 
		Unchanged: 
 Data sizes:     COMRAM   BANK0   BANK1   BANK2   BANK3   BANK4   BANK5
      Params:         0       0       0       0       0       0       0
      Locals:         0       1       0       0       0       0       0
      Temps:          0       0       0       0       0       0       0
      Totals:         0       1       0       0       0       0       0
Total ram usage:        1 bytes
 Hardware stack levels used:    1
 Hardware stack levels required when called:    4
 This function calls:
		_InitGpioCmt2300
		_ReadRegistrCmt2300
		_WriteRegistrCmt2300
 This function is called by:
		_InitCmt2300
 This function uses a non-reentrant model


 *************** function _InitGpioCmt2300 *****************
 Defined at:
		line 153 in file "LibCmt2300_TX.c"
 Parameters:    Size  Location     Type
		None
 Auto vars:     Size  Location     Type
		None
 Return value:  Size  Location     Type
                  1    wreg      void 
 Registers used:
		wreg, status,2, status,0, cstack
 Tracked objects:
		On entry : 
		On exit  : 
		Unchanged: 
 Data sizes:     COMRAM   BANK0   BANK1   BANK2   BANK3   BANK4   BANK5
      Params:         0       0       0       0       0       0       0
      Locals:         0       0       0       0       0       0       0
      Temps:          0       0       0       0       0       0       0
      Totals:         0       0       0       0       0       0       0
Total ram usage:        0 bytes
 Hardware stack levels used:    1
 Hardware stack levels required when called:    3
 This function calls:
		_WriteRegistrCmt2300
 This function is called by:
		_InitInterruptCmt2300
 This function uses a non-reentrant model


 *************** function _InitCmtBanks *****************
 Defined at:
		line 143 in file "LibCmt2300_TX.c"
 Parameters:    Size  Location     Type
  addr            1    wreg     unsigned char 
  count           1    6[BANK0 ] unsigned char 
  value           2    7[BANK0 ] PTR const unsigned char 
		 -> ValueTXBank(11), ValueBasebandBank(29), ValueDataRateBank(24), ValueFrequencyBank(8), 
		 -> ValueSistemBank(12), ValueCMTBank(12), 
 Auto vars:     Size  Location     Type
  addr            1    9[BANK0 ] unsigned char 
  i               1   11[BANK0 ] unsigned char 
  startAddr       1   10[BANK0 ] unsigned char 
 Return value:  Size  Location     Type
                  1    wreg      void 
 Registers used:
		wreg, status,2, status,0, tblptrl, tblptrh, tblptru, cstack
 Tracked objects:
		On entry : 
		On exit  : 
		Unchanged: 
 Data sizes:     COMRAM   BANK0   BANK1   BANK2   BANK3   BANK4   BANK5
      Params:         0       3       0       0       0       0       0
      Locals:         0       3       0       0       0       0       0
      Temps:          0       0       0       0       0       0       0
      Totals:         0       6       0       0       0       0       0
Total ram usage:        6 bytes
 Hardware stack levels used:    1
 Hardware stack levels required when called:    3
 This function calls:
		_WriteRegistrCmt2300
 This function is called by:
		_InitCmt2300
 This function uses a non-reentrant model


 *************** function _CrcControlCmt2300 *****************
 Defined at:
		line 187 in file "LibCmt2300_TX.c"
 Parameters:    Size  Location     Type
  control_reg     1    wreg     unsigned char 
 Auto vars:     Size  Location     Type
  control_reg     1   42[COMRAM] unsigned char 
 Return value:  Size  Location     Type
                  1    wreg      void 
 Registers used:
		wreg, status,2, status,0, cstack
 Tracked objects:
		On entry : 
		On exit  : 
		Unchanged: 
 Data sizes:     COMRAM   BANK0   BANK1   BANK2   BANK3   BANK4   BANK5
      Params:         0       0       0       0       0       0       0
      Locals:         1       0       0       0       0       0       0
      Temps:          0       0       0       0       0       0       0
      Totals:         1       0       0       0       0       0       0
Total ram usage:        1 bytes
 Hardware stack levels used:    1
 Hardware stack levels required when called:    3
 This function calls:
		_WriteRegistrCmt2300
 This function is called by:
		_InitCmt2300
 This function uses a non-reentrant model


 *************** function _GotoNewModeCmt2300 *****************
 Defined at:
		line 86 in file "LibCmt2300_TX.c"
 Parameters:    Size  Location     Type
  mode            1    wreg     unsigned char 
 Auto vars:     Size  Location     Type
  mode            1    6[BANK0 ] unsigned char 
  temp            1    7[BANK0 ] unsigned char 
 Return value:  Size  Location     Type
                  1    wreg      unsigned char 
 Registers used:
		wreg, status,2, status,0, cstack
 Tracked objects:
		On entry : 
		On exit  : 
		Unchanged: 
 Data sizes:     COMRAM   BANK0   BANK1   BANK2   BANK3   BANK4   BANK5
      Params:         0       0       0       0       0       0       0
      Locals:         0       2       0       0       0       0       0
      Temps:          0       0       0       0       0       0       0
      Totals:         0       2       0       0       0       0       0
Total ram usage:        2 bytes
 Hardware stack levels used:    1
 Hardware stack levels required when called:    4
 This function calls:
		_CheckModeCmt2300
		_WriteRegistrCmt2300
 This function is called by:
		_main
 This function uses a non-reentrant model


 *************** function _WriteRegistrCmt2300 *****************
 Defined at:
		line 13 in file "LibCmt2300_TX.c"
 Parameters:    Size  Location     Type
  addr            1    wreg     unsigned char 
  data            1   39[COMRAM] unsigned char 
 Auto vars:     Size  Location     Type
  addr            1    0[BANK0 ] unsigned char 
  temp            2    4[BANK0 ] unsigned int 
  mask            2    2[BANK0 ] unsigned int 
  i               1    1[BANK0 ] unsigned char 
 Return value:  Size  Location     Type
                  1    wreg      void 
 Registers used:
		wreg, status,2, status,0
 Tracked objects:
		On entry : 
		On exit  : 
		Unchanged: 
 Data sizes:     COMRAM   BANK0   BANK1   BANK2   BANK3   BANK4   BANK5
      Params:         1       0       0       0       0       0       0
      Locals:         0       6       0       0       0       0       0
      Temps:          2       0       0       0       0       0       0
      Totals:         3       6       0       0       0       0       0
Total ram usage:        9 bytes
 Hardware stack levels used:    1
 Hardware stack levels required when called:    2
 This function calls:
		Nothing
 This function is called by:
		_GotoNewModeCmt2300
		_InitCmtBanks
		_InitGpioCmt2300
		_InitInterruptCmt2300
		_CrcControlCmt2300
		_NodeIdControlCmt2300
		_WritePktLength
		_WriteNodeId
		_main
 This function uses a non-reentrant model


 *************** function _CheckModeCmt2300 *****************
 Defined at:
		line 80 in file "LibCmt2300_TX.c"
 Parameters:    Size  Location     Type
		None
 Auto vars:     Size  Location     Type
  temp            1    0[BANK0 ] unsigned char 
 Return value:  Size  Location     Type
                  1    wreg      unsigned char 
 Registers used:
		wreg, status,2, status,0, cstack
 Tracked objects:
		On entry : 
		On exit  : 
		Unchanged: 
 Data sizes:     COMRAM   BANK0   BANK1   BANK2   BANK3   BANK4   BANK5
      Params:         0       0       0       0       0       0       0
      Locals:         0       1       0       0       0       0       0
      Temps:          0       0       0       0       0       0       0
      Totals:         0       1       0       0       0       0       0
Total ram usage:        1 bytes
 Hardware stack levels used:    1
 Hardware stack levels required when called:    3
 This function calls:
		_ReadRegistrCmt2300
 This function is called by:
		_GotoNewModeCmt2300
		_main
 This function uses a non-reentrant model


 *************** function _ReadRegistrCmt2300 *****************
 Defined at:
		line 40 in file "LibCmt2300_TX.c"
 Parameters:    Size  Location     Type
  addr            1    wreg     unsigned char 
 Auto vars:     Size  Location     Type
  addr            1   39[COMRAM] unsigned char 
  mask            1   42[COMRAM] unsigned char 
  i               1   41[COMRAM] unsigned char 
  data            1   40[COMRAM] unsigned char 
 Return value:  Size  Location     Type
                  1    wreg      unsigned char 
 Registers used:
		wreg, status,2, status,0
 Tracked objects:
		On entry : 
		On exit  : 
		Unchanged: 
 Data sizes:     COMRAM   BANK0   BANK1   BANK2   BANK3   BANK4   BANK5
      Params:         0       0       0       0       0       0       0
      Locals:         4       0       0       0       0       0       0
      Temps:          0       0       0       0       0       0       0
      Totals:         4       0       0       0       0       0       0
Total ram usage:        4 bytes
 Hardware stack levels used:    1
 Hardware stack levels required when called:    2
 This function calls:
		Nothing
 This function is called by:
		_CheckModeCmt2300
		_InitInterruptCmt2300
		_main
 This function uses a non-reentrant model


 *************** function _myLoIsr *****************
 Defined at:
		line 127 in file "mainLibCmt2300A_TX.c"
 Parameters:    Size  Location     Type
		None
 Auto vars:     Size  Location     Type
		None
 Return value:  Size  Location     Type
                  1    wreg      void 
 Registers used:
		wreg, status,2, status,0
 Tracked objects:
		On entry : 
		On exit  : 
		Unchanged: 
 Data sizes:     COMRAM   BANK0   BANK1   BANK2   BANK3   BANK4   BANK5
      Params:         0       0       0       0       0       0       0
      Locals:         0       0       0       0       0       0       0
      Temps:         21       0       0       0       0       0       0
      Totals:        21       0       0       0       0       0       0
Total ram usage:       21 bytes
 Hardware stack levels used:    1
 Hardware stack levels required when called:    1
 This function calls:
		Nothing
 This function is called by:
		Interrupt level 1
 This function uses a non-reentrant model


 *************** function _myHiIsr *****************
 Defined at:
		line 122 in file "mainLibCmt2300A_TX.c"
 Parameters:    Size  Location     Type
		None
 Auto vars:     Size  Location     Type
		None
 Return value:  Size  Location     Type
                  1    wreg      void 
 Registers used:
		None
 Tracked objects:
		On entry : 
		On exit  : 
		Unchanged: 
 Data sizes:     COMRAM   BANK0   BANK1   BANK2   BANK3   BANK4   BANK5
      Params:         0       0       0       0       0       0       0
      Locals:         0       0       0       0       0       0       0
      Temps:         18       0       0       0       0       0       0
      Totals:        18       0       0       0       0       0       0
Total ram usage:       18 bytes
 Hardware stack levels used:    1
 This function calls:
		Nothing
 This function is called by:
		Interrupt level 2
 This function uses a non-reentrant model



MODULE INFORMATION

Module		Function		Class		Link	Load	Size
mainLibCmt2300A_TX.c
		_myLoIsr       		CODE           	0018	0000	243
		_main          		CODE           	0662	0000	319
		_myHiIsr       		CODE           	0008	0000	155

mainLibCmt2300A_TX.c estimated size: 717

InitProcessor.c
		_InitInterrupt 		CODE           	0CFA	0000	13
		_InitTmr2      		CODE           	0C76	0000	31
		_OpenTmr2      		CODE           	0CEE	0000	13
		_ProcessorInit 		CODE           	0C94	0000	19

InitProcessor.c estimated size: 76

ConfigPinsLibCmt2300A.c
		_InitPinsCMT2300		CODE           	0B88	0000	61

ConfigPinsLibCmt2300A.c estimated size: 61

shared
		_ValueFrequencyBank		SMALLCONST     	0659	0000	9
		_ValueCMTBank  		SMALLCONST     	0642	0000	13
		__initialization		CODE           	0AD0	0000	87
		_ValueSistemBank		SMALLCONST     	0636	0000	13
		_ValueDataRateBank		SMALLCONST     	061E	0000	25
		_ValueTXBank   		SMALLCONST     	064E	0000	12
		_ValueBasebandBank		SMALLCONST     	0601	0000	30

shared estimated size: 189

LibCmt2300_TX.c
		_GotoNewModeCmt2300		CODE           	0834	0000	145
		_CrcControlCmt2300		CODE           	0CE0	0000	15
		_WriteFifoCmt2300		CODE           	0C00	0000	55
		_WriteByteFifoCmt2300		CODE           	0A64	0000	109
		_NodeIdControlCmt2300		CODE           	0CD2	0000	15
		_WriteRegistrCmt2300		CODE           	0952	0000	141
		_WriteNodeId   		CODE           	0CC4	0000	15
		_InitCmt2300   		CODE           	08C4	0000	143
		_InitCmtBanks  		CODE           	0BC4	0000	61
		_CheckModeCmt2300		CODE           	0CA6	0000	17
		_WritePktLength		CODE           	0CB6	0000	15
		_ReadRegistrCmt2300		CODE           	09DE	0000	135
		_InitInterruptCmt2300		CODE           	0B34	0000	85
		_InitGpioCmt2300		CODE           	0C56	0000	33

LibCmt2300_TX.c estimated size: 984

